// Vitest Snapshot v1, https://vitest.dev/guide/snapshot.html

exports[`Cart component > renders correctly 1`] = `
<div>
  <main
    class="pt-24 bg-darkGrey px-8 min-h-screen"
  >
    <h2
      class="text-3xl text-white font-bold font-serif italic text-center"
    >
      Your Cart
    </h2>
    <section
      class="flex flex-col gap-4 mt-4"
    />
    <section
      class="flex items-center justify-between mt-2 text-white"
    >
      <p>
        Total Price:
      </p>
      <h3>
        $
        0
      </h3>
    </section>
    <button
      class="mt-4 py-2 px-4 bg-gradient-to-r from-forestGreen via-adventurousYellow to-oceanTurquoise rounded-md text-darkGrey transition-all duration-500 ease-in-out   hover:from-foggyBlue hover:to-forestGreen"
    >
      Checkout
    </button>
  </main>
</div>
`;
