// Vitest Snapshot v1, https://vitest.dev/guide/snapshot.html

exports[`Nav component > renders Nav correctly 1`] = `
<div>
  <header
    class="flex justify-between items-center w-full py-4 px-8 bg-darkGrey fixed"
  >
    <h1
      class="font-serif italic font-semibold text-transparent text-5xl bg-clip-text bg-gradient-to-r from-forestGreen via-adventurousYellow to-foggyBlue"
    >
      <a
        href="/"
      >
        Painty
      </a>
    </h1>
    <ul
      class="flex items-center gap-6 text-white font-sans"
    >
      <li
        class="text-xl font-medium hover:underline"
      >
        <a
          href="/shop"
        >
          Shop 
        </a>
      </li>
      <li
        class="text-xl font-medium hover:underline"
      >
        <a
          href="/cart"
        >
          Cart 
        </a>
      </li>
    </ul>
  </header>
</div>
`;
